warning: The `fitz` API is deprecated and will be removed in future. Use `import pymupdf` instead.
eccbf957: ok ['14', '14', '14 C. aa', 'io D. +7']
954943a4: ok ['p = 0.5%', 'o = 5x', 'p= WU.', 'Dp =o']
1baffbcf: ok ['3.970', "35'/%", '6.5%', "65'%"]
fail b1b5300b: ['3', '1', 'A', '']
555939d2: ok ['8', '80', '800', '2d. Which of the following is the best estimate of the total number of customers who would be interested in the new service plan?']
82aaa0a1: ok ['Y=ex"- 11x -#4U', 'By 2x" --11x +40', 'CWS AX - ON - 3', 'Y=eZx°--O¥ +5']
fail 1353b86e: ['', '4 io', '40)', '']
d89c1513: ok ['15', '35', 'Bry', '” 135']
fail e1ad3d41: ['', '16', '', '” 16']
8baf2118: ok ['y= 13.5 + 0.82%', 'y= 13.5 - 0.82', 'y= -13.54+ 0.82', 'y= -13.5 - 0.82']
46545dd6: ok ['“140 BG', '° 40 rn', '© 40 BG', '” 15']
58a71e06: ok ["22'%", "33'%", '66%', '78’']
4aaa9c42: ok ['23.24%', '49.41%', '2,324%', "4,941'%"]
15617f62: ok ['102,400', '93,090', '320', '32']
be35c117: ok ['18', '800', '950', '1,400']
e3d49511: ok ['18', '131', 'c. 149', '2,376']
fail 0301c5dc: ['“OT FE', 'oh', '5', '']
0ae37ff3: ok ['7', 'is', '3', '7']
80f1f3a9: ok ['Blue', 'Green', 'Red', 'Yellow']
e9fb7774: ok ['25’', "50'%", '75%', '225%']
2e8027b0: ok ['y = 46.8 + 5.9%', 'y= 46.8 + 1.52', 'y=124 5.92', 'Dy=12+4+ 1.52']
2c76bcce: ok ['The mean weight of all handbags made by the company on that day is between 27.78 oz and 27.82 oz.', 'The actual weights of all handbags made by the company on that day are between 27.78 oz and 27.82 oz.', 'The actual weights of all handbags from the sample are between 27.78 oz and 27.82 oz.', 'The mean weight of all handbags made by the company on that day is 27.8 oz.']
e438ec3f: ok ['o', '10', 'iv C. 37', '17']
60caadfd: ok ['iV A. =', 'paul B. 33', 'paul C.', 'iV D. 75']
93724cc6: ok ['0', '1', 'Cc. 42', '100']
69f6717f: ok ['588', '726', '897', '1,107']
c3d78831: ok ['26', '26x', 'x+ 26', '4V Dd.']
b5bc47d5: ok ['(17)(12)', '(12)(3)', 'ot C. +5', 'Att D. =F']
aeeaec96: ok ['0.059', '17', '576', '22,032']
e03f3477: ok ['More than of all adults who own televisions use their televisions to watch nature shows.', 'Between and of all adults who own televisions use their televisions to watch nature shows.', 'Since the sample included adults who own televisions and not just those who use their televisions to watch nature shows, no conclusion can be made.', 'Since the sample did not include all the people who watch nature shows, no conclusion can be made.']
fail e5b5fbdd: ['1', '1', '', '2']
2905ded0: ok ['40', '33)', '1UU', 'AVE D. 135']
d230e963: ok ['y=2.8+ 1.72', 'y= 2.8 - 1.72', 'y= -2.84+ 1.72', 'y= -2.8- 1.72']
fail 181cc4d6: ['', 'a ee', '', 'DW 3']
7fd284ac: ok ['LO Me', 'fo', '.4 0', '1 “Mo']
1b403590: ok ['7', '144', 'c. 192', '4,032']
7cab9fe1: ok ['1.43w', '0.57w', '43w', '0.43w']
ec7b0eb8: ok ['“799 AAG', '* 799 204', 'ares Oh', '> 799']
79201024: ok ['45', 'it B. rr', 'Oe C.', 'AJ D. 4']
445dd032: ok ['a1 o.o0Z)', '3+ 13.002', 'a7 + 135.507', 'TavgULz +3)']
9bedc4a0: ok ['3.627 of the socks are defective.', "It is plausible that between 8.387% and 15.62'% of the socks are defective.", "12'% of the socks are defective.", 'It is plausible that more than 15.62% of the socks are defective.']
1e1027a7: ok ['g =UUat+ 44', 'a = 10T+ 402', 'd = 3a0+ sUU)', 'Dd = salt o4']
Updated 36; still rough 6: ['b1b5300b', '1353b86e', 'e1ad3d41', '0301c5dc', 'e5b5fbdd', '181cc4d6']
