warning: The `fitz` API is deprecated and will be removed in future. Use `import pymupdf` instead.
eccbf957: ['ahs 14', 'am 14', 'ja 14', 'ju 14']
954943a4: ['o=0.5x', 'p= Sx', 'p= W.0ar', 'p= U.0aF']
1baffbcf: ['3.5%', '35%', '6.5%', '65%']
b1b5300b: ['7', 'oa a |', '3', 'Fa']
555939d2: ['8', '80', '800', '8,000']
82aaa0a1: ['y=2x°--11x--20', 'y=2x°--11x+20', 'Y=2x’--OX-S', 'ySex -Ox+9']
1353b86e: ['40 yy', '40 a oh', '40 ql py', '40']
d89c1513: ['50 qc', '40 tay', '50 cm', '135']
e1ad3d41: ['48 ay', '28 4', '32 S|', '16']
8baf2118: ['y= 13.54 0.82', 'y = 13.5 - 0.82', 'y= -13.54+ 0.82', 'y= -13.5 - 0.82']
46545dd6: ['140 co', '140 a 7 i', '140 ec', '75']
58a71e06: ['22%', '33%', '66%', '78%']
4aaa9c42: ['23.24%', '49.41%', '2,324%', '4,941%']
15617f62: ['102,400', '93,090', '320', '32']
be35c117: ['18', '8950', '950', '1,400']
e3d49511: ['18', '131', '149', '2,376']
0301c5dc: ['37 Cc', 'Py oh', '28 Cc', 'ry']
0ae37ff3: ['7', 'ao 11', '3', '7']
80f1f3a9: ['Blue', 'Green', 'Red', 'Yellow']
e9fb7774: ['25%', '50%', '75%', '225%']
2e8027b0: ['y = 46.8 + 5.92', 'y = 46.84 1.52', 'y=12+5.92', 'y=124 1.52']
2c76bcce: ['The mean weight of all handbags made by the company on that day is between and .', 'The actual weights of all handbags made by the company on that day are between and .', 'The actual weights of all handbags from the sample are between and .', 'The mean weight of all handbags made by the company on that day is .']
e438ec3f: ['ao. 164', 'om 10', 'jo 31', 'oe 17']
60caadfd: ['10 27', '10 33', '10. 60', 'Av 70']
93724cc6: ['0', '1', '42', '100']
69f6717f: ['588', '726', '897', '1,107']
c3d78831: ['pc 26', '26x', 'z+ 26', '20! zx']
b5bc47d5: ['OL (17)(12)', 'Mx (12)(3)', 'Or 17', 'liz 3']
aeeaec96: ['0.059', '17', '576', '22,032']
e03f3477: ['More than of all adults who own televisions use their televisions to watch nature shows.', 'Between and of all adults who own televisions use their televisions to watch nature shows.', 'Since the sample included adults who own televisions and not just those who use their televisions to watch nature shows, no conclusion can be made.', 'Since the sample did not include all the people who watch nature shows, no conclusion can be made.']
e5b5fbdd: ['Fy 1', '4 1', '2', '2']
2905ded0: ['23 135', 'B73) 135', '100 135', 'LUG 135']
d230e963: ['y=2.84+ 1.72', 'y=2.8-1.72', 'y= -2.84+ 1.72', 'y= -2.8-1.72']
181cc4d6: ['3', 'w+5 at', 'av', 'w-5']
7fd284ac: ['LO', '7%', '455', '1%']
1b403590: ['7', '144', '192', '4,032']
7cab9fe1: ['1.43w', '0.57w', '43w', '0.43w']
ec7b0eb8: ['799 aac', '799 od', '415 70 A', '799']
79201024: ['= 45', 'il 45', 'Ot 45', 'ao 45']
445dd032: ['3413.50z7)', '34+13.507', '37 +13.507', '13.507 +3)']
9bedc4a0: ['of the socks are defective.', 'It is plausible that between and of the socks are defective.', 'of the socks are defective.', 'It is plausible that more than of the socks are defective.']
1e1027a7: ['gd =O.03t+402', 'g=10t+402', 'gd = 33f+300', 'gd =33t+64']
Converted 42 questions to text choices
